
> reclamtrack-frontend@1.0.0 type-check
> tsc --noEmit

.next/types/app/[locale]/(app)/elevage/page.ts(34,29): error TS2344: Type 'ElevagePageProps | undefined' does not satisfy the constraint 'PageProps'.
  Type 'undefined' is not assignable to type 'PageProps'.
.next/types/app/[locale]/(app)/legumes/page.ts(34,13): error TS2344: Type 'OmitWithTag<LegumesPageProps, keyof PageProps, "default">' does not satisfy the constraint '{ [x: string]: never; }'.
  Property 'category' is incompatible with index signature.
    Type 'string' is not assignable to type 'never'.
.next/types/app/[locale]/(app)/legumes/page.ts(34,29): error TS2559: Type 'LegumesPageProps' has no properties in common with type 'PageProps'.
src/components/inventory/requisition/MaterialRequisitionForm.tsx(88,28): error TS2339: Property 'teams' does not exist on type '{ auth: { login: (data: any) => Promise<any>; logout: () => Promise<any>; logoutAll: () => Promise<any>; me: () => Promise<any>; register: (data: any) => Promise<any>; refresh: () => Promise<...>; googleLogin: (credential: string) => Promise<...>; }; ... 6 more ...; glpi: { ...; }; }'.
src/components/inventory/requisition/MaterialRequisitionForm.tsx(94,28): error TS2339: Property 'adminApi' does not exist on type '{ auth: { login: (data: any) => Promise<any>; logout: () => Promise<any>; logoutAll: () => Promise<any>; me: () => Promise<any>; register: (data: any) => Promise<any>; refresh: () => Promise<...>; googleLogin: (credential: string) => Promise<...>; }; ... 6 more ...; glpi: { ...; }; }'.
src/components/inventory/requisition/MaterialRequisitionForm.tsx(100,28): error TS2339: Property 'complaintsApi' does not exist on type '{ auth: { login: (data: any) => Promise<any>; logout: () => Promise<any>; logoutAll: () => Promise<any>; me: () => Promise<any>; register: (data: any) => Promise<any>; refresh: () => Promise<...>; googleLogin: (credential: string) => Promise<...>; }; ... 6 more ...; glpi: { ...; }; }'.
src/components/inventory/requisition/MaterialSearch.tsx(31,55): error TS2339: Property 'agroInventory' does not exist on type '{ auth: { login: (data: any) => Promise<any>; logout: () => Promise<any>; logoutAll: () => Promise<any>; me: () => Promise<any>; register: (data: any) => Promise<any>; refresh: () => Promise<...>; googleLogin: (credential: string) => Promise<...>; }; ... 6 more ...; glpi: { ...; }; }'.
